<html>
<body>
<pre>
<h1>µVision Build Log</h1>
<h2>Tool Versions:</h2>
IDE-Version: µVision V5.17.0.0
Copyright (C) 2015 ARM Ltd and ARM Germany GmbH. All rights reserved.
License Information: Alexander Dean, North Carolina State University, LIC=7YKWI-CYEHS-C5L0M-VGCD1-95MI8-37TFM
 
Tool Versions:
Toolchain:       MDK-ARM Professional  Version: 5.17
Toolchain Path:  C:\Keil_v5\ARM\ARMCC\Bin
C Compiler:      Armcc.exe V5.06 update 1 (build 61)
Assembler:       Armasm.exe V5.06 update 1 (build 61)
Linker/Locator:  ArmLink.exe V5.06 update 1 (build 61)
Library Manager: ArmAr.exe V5.06 update 1 (build 61)
Hex Converter:   FromElf.exe V5.06 update 1 (build 61)
CPU DLL:         SARMCM3.DLL V5.17
Dialog DLL:      DARMCM1.DLL V1.12.0.0
Target DLL:      CMSIS_AGDI.dll V1.23.1.0
Dialog DLL:      TARMCM1.DLL V1.9.0.0
 
<h2>Project:</h2>
C:\Users\Alex\Documents\Teaching\Book_Writing\ARM Cortex M0Plus\Textbook\Chapters\5_C_in_AsmLang\Code\CinAsmDemo\BasicUI.uvproj
Project File Date:  07/14/2016

<h2>Output:</h2>
*** Using Compiler 'V5.06 update 1 (build 61)', folder: 'C:\Keil_v5\ARM\ARMCC\Bin'
Build target 'KL25Z Flash'
compiling data.c...
src\data.c(102): warning:  #550-D: variable "x" was set but never used
  	int x[8];
src\data.c: 1 warning, 0 errors
compiling main.c...
compiling system_MKL25Z4.c...
linking...
.\obj\BasicUI.axf: Warning: L6304W: Duplicate input file .\obj\system_mkl25z4_1.o ignored.
Program Size: Code=1116 RO-data=252 RW-data=28 ZI-data=1100  
Finished: 0 information, 1 warning and 0 error messages.
".\obj\BasicUI.axf" - 0 Error(s), 2 Warning(s).
Build Time Elapsed:  00:00:00
</pre>
</body>
</html>
